// Jest Snapshot v1, https://goo.gl/fbAQLP

exports[`App to match snapshot 1`] = `
<Fragment>
  <Styled(Navbar)
    dark={true}
  >
    <NavbarBrand
      href="/"
      tag="a"
    >
      Weather App
    </NavbarBrand>
    <withRouter(Search) />
  </Styled(Navbar)>
  <styled.div />
</Fragment>
`;
